Radke88@Radke88-HP MINGW64 ~
$ cd

Radke88@Radke88-HP MINGW64 ~
$ cd/c
bash: cd/c: No such file or directory

Radke88@Radke88-HP MINGW64 ~
$ cd /c

Radke88@Radke88-HP MINGW64 /c
$ ls
'$RECYCLE.BIN'/                Users/          globdata.ini
 BOOTSECT.BAK                  VC_RED.MSI      hiberfil.sys
'Barbie(TM)'/                  VC_RED.cab      hp/
 Boot/                         Windows/        install.exe*
 Config.Msi/                   bootmgr         install.ini
'Documents and Settings'@      end             install.res.1028.dll*
 MSOCache/                     eula.1028.txt   install.res.1031.dll*
 OS                            eula.1031.txt   install.res.1033.dll*
 PerfLogs/                     eula.1033.txt   install.res.1036.dll*
'Program Files'/               eula.1036.txt   install.res.1040.dll*
'Program Files (x86)'/         eula.1040.txt   install.res.1041.dll*
 ProgramData/                  eula.1041.txt   install.res.1042.dll*
 Recovery/                     eula.1042.txt   install.res.2052.dll*
 SWSETUP/                      eula.2052.txt   install.res.3082.dll*
 SYSTEM.SAV/                   eula.3082.txt   pagefile.sys
 Sdicon32.ico                  found.000/      vcredist.bmp
'System Volume Information'/   git/

Radke88@Radke88-HP MINGW64 /c
$ cd git/

Radke88@Radke88-HP MINGW64 /c/git
$ ls

Radke88@Radke88-HP MINGW64 /c/git
$ git config --global user.name "JeanaRadke"

Radke88@Radke88-HP MINGW64 /c/git
$ git config --global user.email Jeana.radke@gmail.com

Radke88@Radke88-HP MINGW64 /c/git
$ git clone https://github.com/JeanaRadke/testgit.git
Cloning into 'testgit'...
remote: Enumerating objects: 3, done.
remote: Counting objects: 100% (3/3), done.
remote: Total 3 (delta 0), reused 0 (delta 0), pack-reused 0
Receiving objects: 100% (3/3), done.

Radke88@Radke88-HP MINGW64 /c/git
$ ls
testgit/

Radke88@Radke88-HP MINGW64 /c/git
$ cd testgit/

Radke88@Radke88-HP MINGW64 /c/git/testgit (main)
$ ls
README.md  test.txt.txt

Radke88@Radke88-HP MINGW64 /c/git/testgit (main)
$ ls
README.md  test.txt

Radke88@Radke88-HP MINGW64 /c/git/testgit (main)
$ git add text.txt
fatal: pathspec 'text.txt' did not match any files

Radke88@Radke88-HP MINGW64 /c/git/testgit (main)
$ git add test.txt

Radke88@Radke88-HP MINGW64 /c/git/testgit (main)
$ git status
On branch main
Your branch is up to date with 'origin/main'.

Changes to be committed:
  (use "git restore --staged <file>..." to unstage)
        new file:   test.txt


Radke88@Radke88-HP MINGW64 /c/git/testgit (main)
$ git commit -m "first commit" test.txt
[main 5987c49] first commit
 1 file changed, 1 insertion(+)
 create mode 100644 test.txt

Radke88@Radke88-HP MINGW64 /c/git/testgit (main)
$ git push -u origin master
error: src refspec master does not match any
error: failed to push some refs to 'https://github.com/JeanaRadke/testgit.git'

Radke88@Radke88-HP MINGW64 /c/git/testgit (main)
$ git push -u origin main
Enumerating objects: 4, done.
Counting objects: 100% (4/4), done.
Delta compression using up to 4 threads
Compressing objects: 100% (2/2), done.
Writing objects: 100% (3/3), 298 bytes | 298.00 KiB/s, done.
Total 3 (delta 0), reused 0 (delta 0), pack-reused 0
To https://github.com/JeanaRadke/testgit.git
   5385232..5987c49  main -> main
Branch 'main' set up to track remote branch 'main' from 'origin'.

Radke88@Radke88-HP MINGW64 /c/git/testgit (main)
$ git status
On branch main
Your branch is up to date with 'origin/main'.

Changes not staged for commit:
  (use "git add <file>..." to update what will be committed)
  (use "git restore <file>..." to discard changes in working directory)
        modified:   test.txt

no changes added to commit (use "git add" and/or "git commit -a")

Radke88@Radke88-HP MINGW64 /c/git/testgit (main)
$ git commit -m "second commit" test.txt
[main 5b5280c] second commit
 1 file changed, 6 insertions(+)

Radke88@Radke88-HP MINGW64 /c/git/testgit (main)
$ git push -u origin main
Enumerating objects: 5, done.
Counting objects: 100% (5/5), done.
Delta compression using up to 4 threads
Compressing objects: 100% (3/3), done.
Writing objects: 100% (3/3), 305 bytes | 305.00 KiB/s, done.
Total 3 (delta 0), reused 0 (delta 0), pack-reused 0
To https://github.com/JeanaRadke/testgit.git
   5987c49..5b5280c  main -> main
Branch 'main' set up to track remote branch 'main' from 'origin'.

Radke88@Radke88-HP MINGW64 /c/git/testgit (main)
$ ^C

Radke88@Radke88-HP MINGW64 /c/git/testgit (main)
$
